Archive member included because of file (symbol)

c:/program files (x86)/atmel/atmel toolchain/avr8 gcc/native/3.4.1056/avr8-gnu-toolchain/bin/../lib/gcc/avr/4.8.1/avr5\libgcc.a(_exit.o)
                              c:/program files (x86)/atmel/atmel toolchain/avr8 gcc/native/3.4.1056/avr8-gnu-toolchain/bin/../lib/gcc/avr/4.8.1/../../../../avr/lib/avr5/crtm640.o (exit)
c:/program files (x86)/atmel/atmel toolchain/avr8 gcc/native/3.4.1056/avr8-gnu-toolchain/bin/../lib/gcc/avr/4.8.1/avr5\libgcc.a(_copy_data.o)
                              Walking.o (__do_copy_data)
c:/program files (x86)/atmel/atmel toolchain/avr8 gcc/native/3.4.1056/avr8-gnu-toolchain/bin/../lib/gcc/avr/4.8.1/avr5\libgcc.a(_clear_bss.o)
                              Walking.o (__do_clear_bss)

Allocating common symbols
Common symbol       size              file

angle_upper_byte_servo4
                    0x1               Walking.o
angle_lower_byte_servo16
                    0x1               Walking.o
angle_lower_byte_servo11
                    0x1               Walking.o
angle_upper_byte_servo16
                    0x1               Walking.o
angle_upper_byte_servo11
                    0x1               Walking.o
angle_lower_byte_servo8
                    0x1               Walking.o
angle_upper_byte_servo14
                    0x1               Walking.o
angle_upper_byte_servo3
                    0x1               Walking.o
angle_lower_byte_servo9
                    0x1               Walking.o
angle_lower_byte_servo4
                    0x1               Walking.o
angle_lower_byte_servo6
                    0x1               Walking.o
angle_lower_byte_servo13
                    0x1               Walking.o
angle_upper_byte_servo6
                    0x1               Walking.o
angle_lower_byte_servo15
                    0x1               Walking.o
angle_upper_byte_servo5
                    0x1               Walking.o
angle_lower_byte_servo5
                    0x1               Walking.o
angle_upper_byte_servo1
                    0x1               Walking.o
angle_lower_byte_servo10
                    0x1               Walking.o
angle_upper_byte_servo12
                    0x1               Walking.o
angle_upper_byte_servo8
                    0x1               Walking.o
angle_upper_byte_servo7
                    0x1               Walking.o
angle_lower_byte_servo2
                    0x1               Walking.o
angle_upper_byte_servo10
                    0x1               Walking.o
angle_lower_byte_servo12
                    0x1               Walking.o
angle_upper_byte_servo2
                    0x1               Walking.o
angle_upper_byte_servo15
                    0x1               Walking.o
angle_lower_byte_servo3
                    0x1               Walking.o
angle_lower_byte_servo14
                    0x1               Walking.o
angle_lower_byte_servo7
                    0x1               Walking.o
angle_lower_byte_servo1
                    0x1               Walking.o
angle_upper_byte_servo13
                    0x1               Walking.o
angle_upper_byte_servo9
                    0x1               Walking.o

Discarded input sections

 .bss           0x00000000        0x0 c:/program files (x86)/atmel/atmel toolchain/avr8 gcc/native/3.4.1056/avr8-gnu-toolchain/bin/../lib/gcc/avr/4.8.1/../../../../avr/lib/avr5/crtm640.o
 .text          0x00000000        0x0 Walking.o
 .bss           0x00000000        0x0 Walking.o
 .rodata.S16    0x00000000        0x2 Walking.o
 .rodata.S15    0x00000000        0x2 Walking.o
 .rodata.S14    0x00000000        0x2 Walking.o
 .rodata.S13    0x00000000        0x2 Walking.o
 .rodata.S12    0x00000000        0x2 Walking.o
 .rodata.S11    0x00000000        0x2 Walking.o
 .rodata.S10    0x00000000        0x2 Walking.o
 .rodata.S9     0x00000000        0x2 Walking.o
 .rodata.S8     0x00000000        0x2 Walking.o
 .rodata.S7     0x00000000        0x2 Walking.o
 .rodata.S6     0x00000000        0x2 Walking.o
 .rodata.S5     0x00000000        0x2 Walking.o
 .rodata.S4     0x00000000        0x2 Walking.o
 .rodata.S3     0x00000000        0x2 Walking.o
 .rodata.S2     0x00000000        0x2 Walking.o
 .rodata.S1     0x00000000        0x2 Walking.o
 .text          0x00000000        0x0 c:/program files (x86)/atmel/atmel toolchain/avr8 gcc/native/3.4.1056/avr8-gnu-toolchain/bin/../lib/gcc/avr/4.8.1/avr5\libgcc.a(_exit.o)
 .bss           0x00000000        0x0 c:/program files (x86)/atmel/atmel toolchain/avr8 gcc/native/3.4.1056/avr8-gnu-toolchain/bin/../lib/gcc/avr/4.8.1/avr5\libgcc.a(_exit.o)
 .text.libgcc.mul
                0x00000000        0x0 c:/program files (x86)/atmel/atmel toolchain/avr8 gcc/native/3.4.1056/avr8-gnu-toolchain/bin/../lib/gcc/avr/4.8.1/avr5\libgcc.a(_exit.o)
 .text.libgcc.div
                0x00000000        0x0 c:/program files (x86)/atmel/atmel toolchain/avr8 gcc/native/3.4.1056/avr8-gnu-toolchain/bin/../lib/gcc/avr/4.8.1/avr5\libgcc.a(_exit.o)
 .text.libgcc   0x00000000        0x0 c:/program files (x86)/atmel/atmel toolchain/avr8 gcc/native/3.4.1056/avr8-gnu-toolchain/bin/../lib/gcc/avr/4.8.1/avr5\libgcc.a(_exit.o)
 .text.libgcc.prologue
                0x00000000        0x0 c:/program files (x86)/atmel/atmel toolchain/avr8 gcc/native/3.4.1056/avr8-gnu-toolchain/bin/../lib/gcc/avr/4.8.1/avr5\libgcc.a(_exit.o)
 .text.libgcc.builtins
                0x00000000        0x0 c:/program files (x86)/atmel/atmel toolchain/avr8 gcc/native/3.4.1056/avr8-gnu-toolchain/bin/../lib/gcc/avr/4.8.1/avr5\libgcc.a(_exit.o)
 .text.libgcc.fmul
                0x00000000        0x0 c:/program files (x86)/atmel/atmel toolchain/avr8 gcc/native/3.4.1056/avr8-gnu-toolchain/bin/../lib/gcc/avr/4.8.1/avr5\libgcc.a(_exit.o)
 .text.libgcc.fixed
                0x00000000        0x0 c:/program files (x86)/atmel/atmel toolchain/avr8 gcc/native/3.4.1056/avr8-gnu-toolchain/bin/../lib/gcc/avr/4.8.1/avr5\libgcc.a(_exit.o)
 .text          0x00000000        0x0 c:/program files (x86)/atmel/atmel toolchain/avr8 gcc/native/3.4.1056/avr8-gnu-toolchain/bin/../lib/gcc/avr/4.8.1/avr5\libgcc.a(_copy_data.o)
 .bss           0x00000000        0x0 c:/program files (x86)/atmel/atmel toolchain/avr8 gcc/native/3.4.1056/avr8-gnu-toolchain/bin/../lib/gcc/avr/4.8.1/avr5\libgcc.a(_copy_data.o)
 .text.libgcc.mul
                0x00000000        0x0 c:/program files (x86)/atmel/atmel toolchain/avr8 gcc/native/3.4.1056/avr8-gnu-toolchain/bin/../lib/gcc/avr/4.8.1/avr5\libgcc.a(_copy_data.o)
 .text.libgcc.div
                0x00000000        0x0 c:/program files (x86)/atmel/atmel toolchain/avr8 gcc/native/3.4.1056/avr8-gnu-toolchain/bin/../lib/gcc/avr/4.8.1/avr5\libgcc.a(_copy_data.o)
 .text.libgcc   0x00000000        0x0 c:/program files (x86)/atmel/atmel toolchain/avr8 gcc/native/3.4.1056/avr8-gnu-toolchain/bin/../lib/gcc/avr/4.8.1/avr5\libgcc.a(_copy_data.o)
 .text.libgcc.prologue
                0x00000000        0x0 c:/program files (x86)/atmel/atmel toolchain/avr8 gcc/native/3.4.1056/avr8-gnu-toolchain/bin/../lib/gcc/avr/4.8.1/avr5\libgcc.a(_copy_data.o)
 .text.libgcc.builtins
                0x00000000        0x0 c:/program files (x86)/atmel/atmel toolchain/avr8 gcc/native/3.4.1056/avr8-gnu-toolchain/bin/../lib/gcc/avr/4.8.1/avr5\libgcc.a(_copy_data.o)
 .text.libgcc.fmul
                0x00000000        0x0 c:/program files (x86)/atmel/atmel toolchain/avr8 gcc/native/3.4.1056/avr8-gnu-toolchain/bin/../lib/gcc/avr/4.8.1/avr5\libgcc.a(_copy_data.o)
 .text.libgcc.fixed
                0x00000000        0x0 c:/program files (x86)/atmel/atmel toolchain/avr8 gcc/native/3.4.1056/avr8-gnu-toolchain/bin/../lib/gcc/avr/4.8.1/avr5\libgcc.a(_copy_data.o)
 .text          0x00000000        0x0 c:/program files (x86)/atmel/atmel toolchain/avr8 gcc/native/3.4.1056/avr8-gnu-toolchain/bin/../lib/gcc/avr/4.8.1/avr5\libgcc.a(_clear_bss.o)
 .bss           0x00000000        0x0 c:/program files (x86)/atmel/atmel toolchain/avr8 gcc/native/3.4.1056/avr8-gnu-toolchain/bin/../lib/gcc/avr/4.8.1/avr5\libgcc.a(_clear_bss.o)
 .text.libgcc.mul
                0x00000000        0x0 c:/program files (x86)/atmel/atmel toolchain/avr8 gcc/native/3.4.1056/avr8-gnu-toolchain/bin/../lib/gcc/avr/4.8.1/avr5\libgcc.a(_clear_bss.o)
 .text.libgcc.div
                0x00000000        0x0 c:/program files (x86)/atmel/atmel toolchain/avr8 gcc/native/3.4.1056/avr8-gnu-toolchain/bin/../lib/gcc/avr/4.8.1/avr5\libgcc.a(_clear_bss.o)
 .text.libgcc   0x00000000        0x0 c:/program files (x86)/atmel/atmel toolchain/avr8 gcc/native/3.4.1056/avr8-gnu-toolchain/bin/../lib/gcc/avr/4.8.1/avr5\libgcc.a(_clear_bss.o)
 .text.libgcc.prologue
                0x00000000        0x0 c:/program files (x86)/atmel/atmel toolchain/avr8 gcc/native/3.4.1056/avr8-gnu-toolchain/bin/../lib/gcc/avr/4.8.1/avr5\libgcc.a(_clear_bss.o)
 .text.libgcc.builtins
                0x00000000        0x0 c:/program files (x86)/atmel/atmel toolchain/avr8 gcc/native/3.4.1056/avr8-gnu-toolchain/bin/../lib/gcc/avr/4.8.1/avr5\libgcc.a(_clear_bss.o)
 .text.libgcc.fmul
                0x00000000        0x0 c:/program files (x86)/atmel/atmel toolchain/avr8 gcc/native/3.4.1056/avr8-gnu-toolchain/bin/../lib/gcc/avr/4.8.1/avr5\libgcc.a(_clear_bss.o)
 .text.libgcc.fixed
                0x00000000        0x0 c:/program files (x86)/atmel/atmel toolchain/avr8 gcc/native/3.4.1056/avr8-gnu-toolchain/bin/../lib/gcc/avr/4.8.1/avr5\libgcc.a(_clear_bss.o)

Memory Configuration

Name             Origin             Length             Attributes
text             0x00000000         0x00020000         xr
data             0x00800060         0x0000ffa0         rw !x
eeprom           0x00810000         0x00010000         rw !x
fuse             0x00820000         0x00000400         rw !x
lock             0x00830000         0x00000400         rw !x
signature        0x00840000         0x00000400         rw !x
user_signatures  0x00850000         0x00000400         rw !x
*default*        0x00000000         0xffffffff

Linker script and memory map

Address of section .data set to 0x800200
LOAD c:/program files (x86)/atmel/atmel toolchain/avr8 gcc/native/3.4.1056/avr8-gnu-toolchain/bin/../lib/gcc/avr/4.8.1/../../../../avr/lib/avr5/crtm640.o
LOAD Walking.o
START GROUP
LOAD c:/program files (x86)/atmel/atmel toolchain/avr8 gcc/native/3.4.1056/avr8-gnu-toolchain/bin/../lib/gcc/avr/4.8.1/../../../../avr/lib/avr5\libm.a
END GROUP
START GROUP
LOAD c:/program files (x86)/atmel/atmel toolchain/avr8 gcc/native/3.4.1056/avr8-gnu-toolchain/bin/../lib/gcc/avr/4.8.1/avr5\libgcc.a
LOAD c:/program files (x86)/atmel/atmel toolchain/avr8 gcc/native/3.4.1056/avr8-gnu-toolchain/bin/../lib/gcc/avr/4.8.1/../../../../avr/lib/avr5\libm.a
LOAD c:/program files (x86)/atmel/atmel toolchain/avr8 gcc/native/3.4.1056/avr8-gnu-toolchain/bin/../lib/gcc/avr/4.8.1/../../../../avr/lib/avr5\libc.a
END GROUP

.hash
 *(.hash)

.dynsym
 *(.dynsym)

.dynstr
 *(.dynstr)

.gnu.version
 *(.gnu.version)

.gnu.version_d
 *(.gnu.version_d)

.gnu.version_r
 *(.gnu.version_r)

.rel.init
 *(.rel.init)

.rela.init
 *(.rela.init)

.rel.text
 *(.rel.text)
 *(.rel.text.*)
 *(.rel.gnu.linkonce.t*)

.rela.text
 *(.rela.text)
 *(.rela.text.*)
 *(.rela.gnu.linkonce.t*)

.rel.fini
 *(.rel.fini)

.rela.fini
 *(.rela.fini)

.rel.rodata
 *(.rel.rodata)
 *(.rel.rodata.*)
 *(.rel.gnu.linkonce.r*)

.rela.rodata
 *(.rela.rodata)
 *(.rela.rodata.*)
 *(.rela.gnu.linkonce.r*)

.rel.data
 *(.rel.data)
 *(.rel.data.*)
 *(.rel.gnu.linkonce.d*)

.rela.data
 *(.rela.data)
 *(.rela.data.*)
 *(.rela.gnu.linkonce.d*)

.rel.ctors
 *(.rel.ctors)

.rela.ctors
 *(.rela.ctors)

.rel.dtors
 *(.rel.dtors)

.rela.dtors
 *(.rela.dtors)

.rel.got
 *(.rel.got)

.rela.got
 *(.rela.got)

.rel.bss
 *(.rel.bss)

.rela.bss
 *(.rela.bss)

.rel.plt
 *(.rel.plt)

.rela.plt
 *(.rela.plt)

.text           0x00000000      0xd56
 *(.vectors)
 .vectors       0x00000000       0xe4 c:/program files (x86)/atmel/atmel toolchain/avr8 gcc/native/3.4.1056/avr8-gnu-toolchain/bin/../lib/gcc/avr/4.8.1/../../../../avr/lib/avr5/crtm640.o
                0x00000000                __vector_default
                0x00000000                __vectors
 *(.vectors)
 *(.progmem.gcc*)
                0x000000e4                . = ALIGN (0x2)
                0x000000e4                __trampolines_start = .
 *(.trampolines)
 .trampolines   0x000000e4        0x0 linker stubs
 *(.trampolines*)
                0x000000e4                __trampolines_end = .
 *(.progmem*)
                0x000000e4                . = ALIGN (0x2)
 *(.jumptables)
 *(.jumptables*)
 *(.lowtext)
 *(.lowtext*)
                0x000000e4                __ctors_start = .
 *(.ctors)
                0x000000e4                __ctors_end = .
                0x000000e4                __dtors_start = .
 *(.dtors)
                0x000000e4                __dtors_end = .
 SORT(*)(.ctors)
 SORT(*)(.dtors)
 *(.init0)
 .init0         0x000000e4        0x0 c:/program files (x86)/atmel/atmel toolchain/avr8 gcc/native/3.4.1056/avr8-gnu-toolchain/bin/../lib/gcc/avr/4.8.1/../../../../avr/lib/avr5/crtm640.o
                0x000000e4                __init
 *(.init0)
 *(.init1)
 *(.init1)
 *(.init2)
 .init2         0x000000e4        0xc c:/program files (x86)/atmel/atmel toolchain/avr8 gcc/native/3.4.1056/avr8-gnu-toolchain/bin/../lib/gcc/avr/4.8.1/../../../../avr/lib/avr5/crtm640.o
 *(.init2)
 *(.init3)
 *(.init3)
 *(.init4)
 .init4         0x000000f0       0x16 c:/program files (x86)/atmel/atmel toolchain/avr8 gcc/native/3.4.1056/avr8-gnu-toolchain/bin/../lib/gcc/avr/4.8.1/avr5\libgcc.a(_copy_data.o)
                0x000000f0                __do_copy_data
 .init4         0x00000106       0x10 c:/program files (x86)/atmel/atmel toolchain/avr8 gcc/native/3.4.1056/avr8-gnu-toolchain/bin/../lib/gcc/avr/4.8.1/avr5\libgcc.a(_clear_bss.o)
                0x00000106                __do_clear_bss
 *(.init4)
 *(.init5)
 *(.init5)
 *(.init6)
 *(.init6)
 *(.init7)
 *(.init7)
 *(.init8)
 *(.init8)
 *(.init9)
 .init9         0x00000116        0x8 c:/program files (x86)/atmel/atmel toolchain/avr8 gcc/native/3.4.1056/avr8-gnu-toolchain/bin/../lib/gcc/avr/4.8.1/../../../../avr/lib/avr5/crtm640.o
 *(.init9)
 *(.text)
 .text          0x0000011e        0x4 c:/program files (x86)/atmel/atmel toolchain/avr8 gcc/native/3.4.1056/avr8-gnu-toolchain/bin/../lib/gcc/avr/4.8.1/../../../../avr/lib/avr5/crtm640.o
                0x0000011e                __vector_38
                0x0000011e                __vector_22
                0x0000011e                __vector_28
                0x0000011e                __vector_1
                0x0000011e                __vector_32
                0x0000011e                __vector_34
                0x0000011e                __vector_24
                0x0000011e                __vector_12
                0x0000011e                __vector_55
                0x0000011e                __vector_46
                0x0000011e                __bad_interrupt
                0x0000011e                __vector_6
                0x0000011e                __vector_31
                0x0000011e                __vector_35
                0x0000011e                __vector_39
                0x0000011e                __vector_3
                0x0000011e                __vector_23
                0x0000011e                __vector_30
                0x0000011e                __vector_45
                0x0000011e                __vector_25
                0x0000011e                __vector_11
                0x0000011e                __vector_54
                0x0000011e                __vector_13
                0x0000011e                __vector_56
                0x0000011e                __vector_7
                0x0000011e                __vector_49
                0x0000011e                __vector_41
                0x0000011e                __vector_43
                0x0000011e                __vector_27
                0x0000011e                __vector_5
                0x0000011e                __vector_33
                0x0000011e                __vector_47
                0x0000011e                __vector_52
                0x0000011e                __vector_37
                0x0000011e                __vector_4
                0x0000011e                __vector_44
                0x0000011e                __vector_51
                0x0000011e                __vector_9
                0x0000011e                __vector_2
                0x0000011e                __vector_21
                0x0000011e                __vector_15
                0x0000011e                __vector_36
                0x0000011e                __vector_29
                0x0000011e                __vector_40
                0x0000011e                __vector_8
                0x0000011e                __vector_26
                0x0000011e                __vector_48
                0x0000011e                __vector_14
                0x0000011e                __vector_53
                0x0000011e                __vector_10
                0x0000011e                __vector_50
                0x0000011e                __vector_16
                0x0000011e                __vector_42
                0x00000122                . = ALIGN (0x2)
 *(.text.*)
 .text.servo_pin_config
                0x00000122        0xc Walking.o
                0x00000122                servo_pin_config
 .text.reset_servo1
                0x0000012e        0x4 Walking.o
                0x0000012e                reset_servo1
 .text.set_servo1
                0x00000132        0x4 Walking.o
                0x00000132                set_servo1
 .text.reset_servo2
                0x00000136        0x4 Walking.o
                0x00000136                reset_servo2
 .text.set_servo2
                0x0000013a        0x4 Walking.o
                0x0000013a                set_servo2
 .text.reset_servo3
                0x0000013e        0x4 Walking.o
                0x0000013e                reset_servo3
 .text.set_servo3
                0x00000142        0x4 Walking.o
                0x00000142                set_servo3
 .text.reset_servo4
                0x00000146        0x4 Walking.o
                0x00000146                reset_servo4
 .text.set_servo4
                0x0000014a        0x4 Walking.o
                0x0000014a                set_servo4
 .text.reset_servo5
                0x0000014e        0x4 Walking.o
                0x0000014e                reset_servo5
 .text.set_servo5
                0x00000152        0x4 Walking.o
                0x00000152                set_servo5
 .text.reset_servo6
                0x00000156        0x4 Walking.o
                0x00000156                reset_servo6
 .text.set_servo6
                0x0000015a        0x4 Walking.o
                0x0000015a                set_servo6
 .text.reset_servo7
                0x0000015e        0x4 Walking.o
                0x0000015e                reset_servo7
 .text.set_servo7
                0x00000162        0x4 Walking.o
                0x00000162                set_servo7
 .text.reset_servo8
                0x00000166        0x4 Walking.o
                0x00000166                reset_servo8
 .text.set_servo8
                0x0000016a        0x4 Walking.o
                0x0000016a                set_servo8
 .text.reset_servo9
                0x0000016e        0x4 Walking.o
                0x0000016e                reset_servo9
 .text.set_servo9
                0x00000172        0x4 Walking.o
                0x00000172                set_servo9
 .text.reset_servo10
                0x00000176        0x4 Walking.o
                0x00000176                reset_servo10
 .text.set_servo10
                0x0000017a        0x4 Walking.o
                0x0000017a                set_servo10
 .text.reset_servo11
                0x0000017e        0x4 Walking.o
                0x0000017e                reset_servo11
 .text.set_servo11
                0x00000182        0x4 Walking.o
                0x00000182                set_servo11
 .text.reset_servo12
                0x00000186        0x4 Walking.o
                0x00000186                reset_servo12
 .text.set_servo12
                0x0000018a        0x4 Walking.o
                0x0000018a                set_servo12
 .text.reset_servo13
                0x0000018e        0x4 Walking.o
                0x0000018e                reset_servo13
 .text.set_servo13
                0x00000192        0x4 Walking.o
                0x00000192                set_servo13
 .text.reset_servo14
                0x00000196        0x4 Walking.o
                0x00000196                reset_servo14
 .text.set_servo14
                0x0000019a        0x4 Walking.o
                0x0000019a                set_servo14
 .text.reset_servo15
                0x0000019e        0x4 Walking.o
                0x0000019e                reset_servo15
 .text.set_servo15
                0x000001a2        0x4 Walking.o
                0x000001a2                set_servo15
 .text.reset_servo16
                0x000001a6        0x4 Walking.o
                0x000001a6                reset_servo16
 .text.set_servo16
                0x000001aa        0x4 Walking.o
                0x000001aa                set_servo16
 .text.timer1_init
                0x000001ae       0x42 Walking.o
                0x000001ae                timer1_init
 .text.__vector_17
                0x000001f0       0x8c Walking.o
                0x000001f0                __vector_17
 .text.__vector_18
                0x0000027c       0x80 Walking.o
                0x0000027c                __vector_18
 .text.__vector_19
                0x000002fc       0x80 Walking.o
                0x000002fc                __vector_19
 .text.__vector_20
                0x0000037c      0x1d0 Walking.o
                0x0000037c                __vector_20
 .text.angle_value_calculation
                0x0000054c       0x28 Walking.o
                0x0000054c                angle_value_calculation
 .text.angle_servo1
                0x00000574       0x1a Walking.o
                0x00000574                angle_servo1
 .text.angle_servo2
                0x0000058e       0x1a Walking.o
                0x0000058e                angle_servo2
 .text.angle_servo3
                0x000005a8       0x1a Walking.o
                0x000005a8                angle_servo3
 .text.angle_servo4
                0x000005c2       0x1a Walking.o
                0x000005c2                angle_servo4
 .text.angle_servo5
                0x000005dc       0x1a Walking.o
                0x000005dc                angle_servo5
 .text.angle_servo6
                0x000005f6       0x1a Walking.o
                0x000005f6                angle_servo6
 .text.angle_servo7
                0x00000610       0x1a Walking.o
                0x00000610                angle_servo7
 .text.angle_servo8
                0x0000062a       0x1a Walking.o
                0x0000062a                angle_servo8
 .text.angle_servo9
                0x00000644       0x1a Walking.o
                0x00000644                angle_servo9
 .text.angle_servo10
                0x0000065e       0x1a Walking.o
                0x0000065e                angle_servo10
 .text.angle_servo11
                0x00000678       0x1a Walking.o
                0x00000678                angle_servo11
 .text.angle_servo12
                0x00000692       0x1a Walking.o
                0x00000692                angle_servo12
 .text.angle_servo13
                0x000006ac       0x1a Walking.o
                0x000006ac                angle_servo13
 .text.angle_servo14
                0x000006c6       0x1a Walking.o
                0x000006c6                angle_servo14
 .text.angle_servo15
                0x000006e0       0x1a Walking.o
                0x000006e0                angle_servo15
 .text.angle_servo16
                0x000006fa       0x1a Walking.o
                0x000006fa                angle_servo16
 .text.init_devices
                0x00000714       0x14 Walking.o
                0x00000714                init_devices
 .text.init_servos
                0x00000728       0x78 Walking.o
                0x00000728                init_servos
 .text.walk1    0x000007a0      0x4ee Walking.o
                0x000007a0                walk1
 .text.main     0x00000c8e       0xc4 Walking.o
                0x00000c8e                main
                0x00000d52                . = ALIGN (0x2)
 *(.fini9)
 .fini9         0x00000d52        0x0 c:/program files (x86)/atmel/atmel toolchain/avr8 gcc/native/3.4.1056/avr8-gnu-toolchain/bin/../lib/gcc/avr/4.8.1/avr5\libgcc.a(_exit.o)
                0x00000d52                _exit
                0x00000d52                exit
 *(.fini9)
 *(.fini8)
 *(.fini8)
 *(.fini7)
 *(.fini7)
 *(.fini6)
 *(.fini6)
 *(.fini5)
 *(.fini5)
 *(.fini4)
 *(.fini4)
 *(.fini3)
 *(.fini3)
 *(.fini2)
 *(.fini2)
 *(.fini1)
 *(.fini1)
 *(.fini0)
 .fini0         0x00000d52        0x4 c:/program files (x86)/atmel/atmel toolchain/avr8 gcc/native/3.4.1056/avr8-gnu-toolchain/bin/../lib/gcc/avr/4.8.1/avr5\libgcc.a(_exit.o)
 *(.fini0)
                0x00000d56                _etext = .

.data           0x00800200        0x0 load address 0x00000d56
                0x00800200                PROVIDE (__data_start, .)
 *(.data)
 .data          0x00800200        0x0 c:/program files (x86)/atmel/atmel toolchain/avr8 gcc/native/3.4.1056/avr8-gnu-toolchain/bin/../lib/gcc/avr/4.8.1/../../../../avr/lib/avr5/crtm640.o
 .data          0x00800200        0x0 Walking.o
 .data          0x00800200        0x0 c:/program files (x86)/atmel/atmel toolchain/avr8 gcc/native/3.4.1056/avr8-gnu-toolchain/bin/../lib/gcc/avr/4.8.1/avr5\libgcc.a(_exit.o)
 .data          0x00800200        0x0 c:/program files (x86)/atmel/atmel toolchain/avr8 gcc/native/3.4.1056/avr8-gnu-toolchain/bin/../lib/gcc/avr/4.8.1/avr5\libgcc.a(_copy_data.o)
 .data          0x00800200        0x0 c:/program files (x86)/atmel/atmel toolchain/avr8 gcc/native/3.4.1056/avr8-gnu-toolchain/bin/../lib/gcc/avr/4.8.1/avr5\libgcc.a(_clear_bss.o)
 *(.data*)
 *(.rodata)
 *(.rodata*)
 *(.gnu.linkonce.d*)
                0x00800200                . = ALIGN (0x2)
                0x00800200                _edata = .
                0x00800200                PROVIDE (__data_end, .)

.bss            0x00800200       0x24
                0x00800200                PROVIDE (__bss_start, .)
 *(.bss)
 *(.bss*)
 .bss.degree    0x00800200        0x1 Walking.o
                0x00800200                degree
 .bss.angle_lower_byte
                0x00800201        0x1 Walking.o
                0x00800201                angle_lower_byte
 .bss.angle_upper_byte
                0x00800202        0x1 Walking.o
                0x00800202                angle_upper_byte
 .bss.set_number
                0x00800203        0x1 Walking.o
                0x00800203                set_number
 *(COMMON)
 COMMON         0x00800204       0x20 Walking.o
                0x00800204                angle_upper_byte_servo4
                0x00800205                angle_lower_byte_servo16
                0x00800206                angle_lower_byte_servo11
                0x00800207                angle_upper_byte_servo16
                0x00800208                angle_upper_byte_servo11
                0x00800209                angle_lower_byte_servo8
                0x0080020a                angle_upper_byte_servo14
                0x0080020b                angle_upper_byte_servo3
                0x0080020c                angle_lower_byte_servo9
                0x0080020d                angle_lower_byte_servo4
                0x0080020e                angle_lower_byte_servo6
                0x0080020f                angle_lower_byte_servo13
                0x00800210                angle_upper_byte_servo6
                0x00800211                angle_lower_byte_servo15
                0x00800212                angle_upper_byte_servo5
                0x00800213                angle_lower_byte_servo5
                0x00800214                angle_upper_byte_servo1
                0x00800215                angle_lower_byte_servo10
                0x00800216                angle_upper_byte_servo12
                0x00800217                angle_upper_byte_servo8
                0x00800218                angle_upper_byte_servo7
                0x00800219                angle_lower_byte_servo2
                0x0080021a                angle_upper_byte_servo10
                0x0080021b                angle_lower_byte_servo12
                0x0080021c                angle_upper_byte_servo2
                0x0080021d                angle_upper_byte_servo15
                0x0080021e                angle_lower_byte_servo3
                0x0080021f                angle_lower_byte_servo14
                0x00800220                angle_lower_byte_servo7
                0x00800221                angle_lower_byte_servo1
                0x00800222                angle_upper_byte_servo13
                0x00800223                angle_upper_byte_servo9
                0x00800224                PROVIDE (__bss_end, .)
                0x00000d56                __data_load_start = LOADADDR (.data)
                0x00000d56                __data_load_end = (__data_load_start + SIZEOF (.data))

.noinit         0x00800224        0x0
                0x00800224                PROVIDE (__noinit_start, .)
 *(.noinit*)
                0x00800224                PROVIDE (__noinit_end, .)
                0x00800224                _end = .
                0x00800224                PROVIDE (__heap_start, .)

.eeprom         0x00810000        0x0
 *(.eeprom*)
                0x00810000                __eeprom_end = .

.fuse
 *(.fuse)
 *(.lfuse)
 *(.hfuse)
 *(.efuse)

.lock
 *(.lock*)

.signature
 *(.signature*)

.user_signatures
 *(.user_signatures*)

.stab
 *(.stab)

.stabstr
 *(.stabstr)

.stab.excl
 *(.stab.excl)

.stab.exclstr
 *(.stab.exclstr)

.stab.index
 *(.stab.index)

.stab.indexstr
 *(.stab.indexstr)

.comment        0x00000000       0x30
 *(.comment)
 .comment       0x00000000       0x30 Walking.o
                                 0x31 (size before relaxing)

.note.gnu.build-id
 *(.note.gnu.build-id)

.debug
 *(.debug)

.line
 *(.line)

.debug_srcinfo
 *(.debug_srcinfo)

.debug_sfnames
 *(.debug_sfnames)

.debug_aranges  0x00000000      0x1f0
 *(.debug_aranges)
 .debug_aranges
                0x00000000      0x1f0 Walking.o

.debug_pubnames
 *(.debug_pubnames)

.debug_info     0x00000000     0x1a1a
 *(.debug_info .gnu.linkonce.wi.*)
 .debug_info    0x00000000     0x1a1a Walking.o

.debug_abbrev   0x00000000      0x1ea
 *(.debug_abbrev)
 .debug_abbrev  0x00000000      0x1ea Walking.o

.debug_line     0x00000000      0x7b6
 *(.debug_line .debug_line.* .debug_line_end)
 .debug_line    0x00000000      0x7b6 Walking.o

.debug_frame    0x00000000      0x520
 *(.debug_frame)
 .debug_frame   0x00000000      0x520 Walking.o

.debug_str      0x00000000      0x729
 *(.debug_str)
 .debug_str     0x00000000      0x729 Walking.o
                                0x814 (size before relaxing)

.debug_loc      0x00000000      0x91f
 *(.debug_loc)
 .debug_loc     0x00000000      0x91f Walking.o

.debug_macinfo
 *(.debug_macinfo)

.debug_weaknames
 *(.debug_weaknames)

.debug_funcnames
 *(.debug_funcnames)

.debug_typenames
 *(.debug_typenames)

.debug_varnames
 *(.debug_varnames)

.debug_pubtypes
 *(.debug_pubtypes)

.debug_ranges   0x00000000      0x1f8
 *(.debug_ranges)
 .debug_ranges  0x00000000      0x1f8 Walking.o

.debug_macro
 *(.debug_macro)
OUTPUT(Walking.elf elf32-avr)
LOAD linker stubs
